2026-02-07T10:34:26.087Z [INFO] 🔧 Setting up Apple MCP integration tests...
2026-02-07T10:34:26.088Z [INFO] 📝 Test log file: /Users/cabrera1/Workbench_offline/mcp/apple-mcp/test-output.log
2026-02-07T10:34:26.088Z [INFO] 📆 Calendar lock: incoming=Test-Claude-Calendar outgoing=Test-Claude-Calendar
2026-02-07T10:34:26.088Z [INFO] Setting up test contacts...
2026-02-07T10:34:26.786Z [INFO] Setting up test notes folder...
2026-02-07T10:34:26.944Z [INFO] Setting up test reminders list...
2026-02-07T10:34:27.433Z [INFO] Setting up test calendar...
2026-02-07T10:34:27.505Z [WARN] Could not determine calendar source; skipping test calendar creation.
2026-02-07T10:34:27.505Z [INFO] ✅ Test data setup completed
2026-02-07T10:34:27.506Z [ERROR] getEvents - Starting to fetch calendar events
2026-02-07T10:34:27.511Z [ERROR] getEvents - Calendar access check passed
2026-02-07T10:34:27.512Z [ERROR] Error getting events: Incoming calendar "Test-Claude-Calendar" not found.
2026-02-07T10:34:27.512Z [calendar] getEvents error | error="Incoming calendar "Test-Claude-Calendar" not found."
2026-02-07T10:34:27.512Z [INFO] ℹ️ Skipping getEvents(next week) due to calendar unavailability: Incoming calendar "Test-Claude-Calendar" not found.
2026-02-07T10:34:27.512Z [ERROR] getEvents - Starting to fetch calendar events
2026-02-07T10:34:27.517Z [ERROR] getEvents - Calendar access check passed
2026-02-07T10:34:27.518Z [ERROR] Error getting events: Incoming calendar "Test-Claude-Calendar" not found.
2026-02-07T10:34:27.518Z [calendar] getEvents error | error="Incoming calendar "Test-Claude-Calendar" not found."
2026-02-07T10:34:27.518Z [INFO] ℹ️ Skipping getEvents(custom range) due to calendar unavailability: Incoming calendar "Test-Claude-Calendar" not found.
2026-02-07T10:34:27.518Z [ERROR] getEvents - Starting to fetch calendar events
2026-02-07T10:34:27.522Z [ERROR] getEvents - Calendar access check passed
2026-02-07T10:34:27.523Z [ERROR] Error getting events: Incoming calendar "Test-Claude-Calendar" not found.
2026-02-07T10:34:27.523Z [calendar] getEvents error | error="Incoming calendar "Test-Claude-Calendar" not found."
2026-02-07T10:34:27.523Z [INFO] ℹ️ Skipping getEvents(limit) due to calendar unavailability: Incoming calendar "Test-Claude-Calendar" not found.
2026-02-07T10:34:27.527Z [calendar] listCalendars start
2026-02-07T10:34:27.528Z [ERROR] Error listing calendars: Incoming calendar "Test-Claude-Calendar" not found.
2026-02-07T10:34:27.528Z [calendar] listCalendars error | error="Incoming calendar "Test-Claude-Calendar" not found."
2026-02-07T10:34:27.528Z [INFO] ⚠️ Calendar access not granted: Incoming calendar "Test-Claude-Calendar" not found.
2026-02-07T10:34:27.533Z [calendar] createEvent error | error="Incoming calendar "Test-Claude-Calendar" not found."
2026-02-07T10:34:27.533Z [INFO] ℹ️ Skipping create assertion due to calendar unavailability: Error creating event: Incoming calendar "Test-Claude-Calendar" not found.
2026-02-07T10:34:27.538Z [calendar] createEvent error | error="Incoming calendar "Test-Claude-Calendar" not found."
2026-02-07T10:34:27.538Z [INFO] ℹ️ Skipping all-day create assertion due to calendar unavailability: Error creating event: Incoming calendar "Test-Claude-Calendar" not found.
2026-02-07T10:34:27.543Z [calendar] createEvent error | error="Incoming calendar "Test-Claude-Calendar" not found."
2026-02-07T10:34:27.543Z [INFO] ℹ️ Skipping specific-calendar create assertion due to calendar unavailability: Error creating event: Incoming calendar "Test-Claude-Calendar" not found.
2026-02-07T10:34:27.548Z [calendar] createEvent error | error="Incoming calendar "Test-Claude-Calendar" not found."
2026-02-07T10:34:27.548Z [INFO] ℹ️ Skipping search-by-title test due to calendar unavailability: Error creating event: Incoming calendar "Test-Claude-Calendar" not found.
2026-02-07T10:34:27.548Z [ERROR] getEvents - Starting to fetch calendar events
2026-02-07T10:34:27.553Z [ERROR] getEvents - Calendar access check passed
2026-02-07T10:34:27.553Z [ERROR] Error getting events: Incoming calendar "Test-Claude-Calendar" not found.
2026-02-07T10:34:27.553Z [calendar] getEvents error | error="Incoming calendar "Test-Claude-Calendar" not found."
2026-02-07T10:34:27.553Z [INFO] ℹ️ Skipping searchEvents(date range) due to calendar unavailability: Incoming calendar "Test-Claude-Calendar" not found.
2026-02-07T10:34:27.553Z [ERROR] getEvents - Starting to fetch calendar events
2026-02-07T10:34:27.558Z [ERROR] getEvents - Calendar access check passed
2026-02-07T10:34:27.559Z [ERROR] Error getting events: Incoming calendar "Test-Claude-Calendar" not found.
2026-02-07T10:34:27.559Z [calendar] getEvents error | error="Incoming calendar "Test-Claude-Calendar" not found."
2026-02-07T10:34:27.559Z [INFO] ℹ️ Skipping searchEvents(no results) due to calendar unavailability: Incoming calendar "Test-Claude-Calendar" not found.
2026-02-07T10:34:27.559Z [ERROR] getEvents - Starting to fetch calendar events
2026-02-07T10:34:27.564Z [ERROR] getEvents - Calendar access check passed
2026-02-07T10:34:27.564Z [ERROR] Error getting events: Incoming calendar "Test-Claude-Calendar" not found.
2026-02-07T10:34:27.564Z [calendar] getEvents error | error="Incoming calendar "Test-Claude-Calendar" not found."
2026-02-07T10:34:27.564Z [INFO] ℹ️ Skipping openEvent(get existing) due to calendar unavailability: Incoming calendar "Test-Claude-Calendar" not found.
2026-02-07T10:34:27.569Z [ERROR] openEvent - Attempting to open event with ID: non-existent-event-id-12345
2026-02-07T10:34:27.569Z [calendar] openEvent start | eventId="non-existent-event-id-12345"
2026-02-07T10:34:27.577Z [calendar] openEvent result | success=false eventId="non-existent-event-id-12345"
2026-02-07T10:34:27.577Z [INFO] ✅ Handled non-existent event correctly
2026-02-07T10:34:27.581Z [calendar] createEvent error | error="startDate must be ISO 8601 (YYYY-MM-DD or YYYY-MM-DDTHH:mm:ssZ). Received: "invalid-start-date""
2026-02-07T10:34:27.581Z [INFO] ✅ Invalid dates were correctly rejected
2026-02-07T10:34:27.586Z [INFO] ✅ Empty title was correctly rejected
2026-02-07T10:34:27.590Z [calendar] createEvent error | error="Incoming calendar "Test-Claude-Calendar" not found."
2026-02-07T10:34:27.591Z [INFO] ✅ Past event was correctly rejected
2026-02-07T10:34:27.595Z [INFO] ✅ Invalid time range was correctly rejected
2026-02-07T10:34:27.595Z [ERROR] getEvents - Starting to fetch calendar events
2026-02-07T10:34:27.599Z [ERROR] getEvents - Calendar access check passed
2026-02-07T10:34:27.600Z [ERROR] Error getting events: Incoming calendar "Test-Claude-Calendar" not found.
2026-02-07T10:34:27.600Z [calendar] getEvents error | error="Incoming calendar "Test-Claude-Calendar" not found."
2026-02-07T10:34:27.600Z [INFO] ℹ️ Skipping searchEvents(empty query) due to calendar unavailability: Incoming calendar "Test-Claude-Calendar" not found.
2026-02-07T10:34:27.600Z [INFO] 🧹 Cleaning up Apple MCP test data...
2026-02-07T10:34:27.600Z [INFO] Cleaning up test notes...
2026-02-07T10:34:28.075Z [INFO] Cleaning up test reminders...
2026-02-07T10:34:28.554Z [INFO] Cleaning up test calendar events...
2026-02-07T10:34:28.849Z [INFO] Leaving test contact for manual cleanup if needed
2026-02-07T10:34:28.849Z [INFO] ✅ Test data cleanup completed
